
> hooklabs-ai@0.1.0 build
> next build

  ▲ Next.js 14.2.29
  - Environments: .env.local

   Creating an optimized production build ...
Failed to compile.

./app/components/VoiceoverPanel.tsx
Error: 
  [31mx[0m Unexpected token `div`. Expected jsx identifier
     ,-[[36;1;4mD:\Hooklabs\HookLabs_\app\components\VoiceoverPanel.tsx[0m:122:1]
 [2m122[0m |   }
 [2m123[0m | 
 [2m124[0m |   return (
 [2m125[0m |     <div style={{ marginBottom: 28 }} className="animate-fade-in">
     : [31;1m     ^^^[0m
 [2m126[0m |       <SectionHeader icon="🎙️" title="Voiceover" subtitle="Choose a voice and preview your script" />
 [2m127[0m | 
 [2m128[0m |       {/* Voice selector */}
     `----

Caused by:
    Syntax Error

Import trace for requested module:
./app/components/VoiceoverPanel.tsx
./app/(dashboard)/pipeline/page.tsx


> Build failed because of webpack errors
