lib/supabase/trends.ts(79,5): error TS2769: No overload matches this call.
  Overload 1 of 2, '(values: never, options?: { onConflict?: string | undefined; ignoreDuplicates?: boolean | undefined; count?: "exact" | "planned" | "estimated" | undefined; } | undefined): PostgrestFilterBuilder<{ ...; }, ... 5 more ..., "POST">', gave the following error.
    Argument of type '{ title: string; source: string; virality_score: number; url: string | null; category: string | null; region: string; is_active: boolean; expires_at: string; }[]' is not assignable to parameter of type 'never'.
  Overload 2 of 2, '(values: never[], options?: { onConflict?: string | undefined; ignoreDuplicates?: boolean | undefined; count?: "exact" | "planned" | "estimated" | undefined; defaultToNull?: boolean | undefined; } | undefined): PostgrestFilterBuilder<...>', gave the following error.
    Argument of type '{ title: string; source: string; virality_score: number; url: string | null; category: string | null; region: string; is_active: boolean; expires_at: string; }[]' is not assignable to parameter of type 'never[]'.
      Type '{ title: string; source: string; virality_score: number; url: string | null; category: string | null; region: string; is_active: boolean; expires_at: string; }' is not assignable to type 'never'.
lib/supabase/trends.ts(100,13): error TS2345: Argument of type '{ is_active: boolean; }' is not assignable to parameter of type 'never'.
